// Jest Snapshot v1, https://goo.gl/fbAQLP

exports[`Render SliderScreen 1`] = `
<div
  className="how-works__item"
>
  <picture>
    <source
      media="(min-width: 960px)"
      srcSet="img/desktop/Layer_2@1x.jpg 1x, img/desktop/Layer_2@2x.jpg 2x"
      type="image/jpg"
    />
    <source
      media="(min-width: 768px)"
      srcSet="img/tablet/Layer_2@1x.jpg 1x, img/tablet/Layer_2@2x.jpg 2x"
      type="image/jpg"
    />
    <source
      media="(max-width: 767px)"
      srcSet="img/mobile/Layer_2@1x.jpg 1x, img/mobile/Layer_2@2x.jpg 2x"
      type="image/jpg"
    />
    <img
      alt="photo"
      className="how-works__img"
      src="img/desktop/Layer_2@1x.jpg"
      srcSet="img/desktop/Layer_2@2x.jpg 2x"
    />
  </picture>
  <a
    className="how-works__link"
    href="#"
  >
    step 1
  </a>
  <h3
    className="how-works__subtitle"
  >
    Sed leo enim, condimentum
  </h3>
  <p
    className="how-works__text"
  >
    Quisque libero libero, dictum non turpis in, luctus semper lorem. Donec rhoncus a leo sit amet facilisis.
  </p>
</div>
`;
